


ARM Macro Assembler    Page 1 


    1 00000000         ;/******************************************************
                       ***********************
    2 00000000         ; * @file:    startup_LPC54114_cm4.s
    3 00000000         ; * @purpose: CMSIS Cortex-M4 Core Device Startup File f
                       or the
    4 00000000         ; *           LPC54114_cm4
    5 00000000         ; * @version: 1.0
    6 00000000         ; * @date:    2016-4-29
    7 00000000         ; *
    8 00000000         ; * Copyright: 1997 - 2016 Freescale Semiconductor, Inc.
                        All Rights Reserved.
    9 00000000         ; *
   10 00000000         ; * Redistribution and use in source and binary forms, w
                       ith or without modification,
   11 00000000         ; * are permitted provided that the following conditions
                        are met:
   12 00000000         ; *
   13 00000000         ; * o Redistributions of source code must retain the abo
                       ve copyright notice, this list
   14 00000000         ; *   of conditions and the following disclaimer.
   15 00000000         ; *
   16 00000000         ; * o Redistributions in binary form must reproduce the 
                       above copyright notice, this
   17 00000000         ; *   list of conditions and the following disclaimer in
                        the documentation and/or
   18 00000000         ; *   other materials provided with the distribution.
   19 00000000         ; *
   20 00000000         ; * o Neither the name of Freescale Semiconductor, Inc. 
                       nor the names of its
   21 00000000         ; *   contributors may be used to endorse or promote pro
                       ducts derived from this
   22 00000000         ; *   software without specific prior written permission
                       .
   23 00000000         ; *
   24 00000000         ; * THIS SOFTWARE IS PROVIDED BY THE COPYRIGHT HOLDERS A
                       ND CONTRIBUTORS "AS IS" AND
   25 00000000         ; * ANY EXPRESS OR IMPLIED WARRANTIES, INCLUDING, BUT NO
                       T LIMITED TO, THE IMPLIED
   26 00000000         ; * WARRANTIES OF MERCHANTABILITY AND FITNESS FOR A PART
                       ICULAR PURPOSE ARE
   27 00000000         ; * DISCLAIMED. IN NO EVENT SHALL THE COPYRIGHT HOLDER O
                       R CONTRIBUTORS BE LIABLE FOR
   28 00000000         ; * ANY DIRECT, INDIRECT, INCIDENTAL, SPECIAL, EXEMPLARY
                       , OR CONSEQUENTIAL DAMAGES
   29 00000000         ; * (INCLUDING, BUT NOT LIMITED TO, PROCUREMENT OF SUBST
                       ITUTE GOODS OR SERVICES;
   30 00000000         ; * LOSS OF USE, DATA, OR PROFITS; OR BUSINESS INTERRUPT
                       ION) HOWEVER CAUSED AND ON
   31 00000000         ; * ANY THEORY OF LIABILITY, WHETHER IN CONTRACT, STRICT
                        LIABILITY, OR TORT
   32 00000000         ; * (INCLUDING NEGLIGENCE OR OTHERWISE) ARISING IN ANY W
                       AY OUT OF THE USE OF THIS
   33 00000000         ; * SOFTWARE, EVEN IF ADVISED OF THE POSSIBILITY OF SUCH
                        DAMAGE.
   34 00000000         ; *
   35 00000000         ; *------- <<< Use Configuration Wizard in Context Menu 
                       >>> ------------------
   36 00000000         ; *
   37 00000000         ; ******************************************************



ARM Macro Assembler    Page 2 


                       ***********************/
   38 00000000         
   39 00000000         
   40 00000000                 PRESERVE8
   41 00000000                 THUMB
   42 00000000         
   43 00000000         ; Vector Table Mapped to Address 0 at Reset
   44 00000000                 AREA             RESET, DATA, READONLY
   45 00000000                 EXPORT           __Vectors
   46 00000000                 IMPORT           |Image$$ARM_LIB_STACK$$ZI$$Limi
t|
   47 00000000         
   48 00000000 00000000 
                       __Vectors
                               DCD              |Image$$ARM_LIB_STACK$$ZI$$Limi
t| 
                                                            ; Top of Stack
   49 00000004 00000000        DCD              Reset_Handler ; Reset Handler
   50 00000008         
   51 00000008 00000000        DCD              NMI_Handler
   52 0000000C 00000000        DCD              HardFault_Handler
   53 00000010 00000000        DCD              MemManage_Handler
   54 00000014 00000000        DCD              BusFault_Handler
   55 00000018 00000000        DCD              UsageFault_Handler
   56 0000001C         __vector_table_0x1c
   57 0000001C 00000000        DCD              0           ; Checksum of the f
                                                            irst 7 words
   58 00000020 00000000        DCD              0
   59 00000024 00000000        DCD              0           ; Enhanced image ma
                                                            rker, set to 0x0 fo
                                                            r legacy boot
   60 00000028 00000000        DCD              0           ; Pointer to enhanc
                                                            ed boot block, set 
                                                            to 0x0 for legacy b
                                                            oot
   61 0000002C 00000000        DCD              SVC_Handler
   62 00000030 00000000        DCD              DebugMon_Handler
   63 00000034 00000000        DCD              0
   64 00000038 00000000        DCD              PendSV_Handler
   65 0000003C 00000000        DCD              SysTick_Handler
   66 00000040         
   67 00000040         ; External Interrupts
   68 00000040 00000000        DCD              WDT_BOD_IRQHandler ; Windowed w
                                                            atchdog timer, Brow
                                                            nout detect
   69 00000044 00000000        DCD              DMA0_IRQHandler 
                                                            ; DMA controller
   70 00000048 00000000        DCD              GINT0_IRQHandler ; GPIO group 0
                                                            
   71 0000004C 00000000        DCD              GINT1_IRQHandler ; GPIO group 1
                                                            
   72 00000050 00000000        DCD              PIN_INT0_IRQHandler ; Pin inter
                                                            rupt 0 or pattern m
                                                            atch engine slice 0
                                                            
   73 00000054 00000000        DCD              PIN_INT1_IRQHandler ; Pin inter
                                                            rupt 1or pattern ma
                                                            tch engine slice 1
   74 00000058 00000000        DCD              PIN_INT2_IRQHandler ; Pin inter



ARM Macro Assembler    Page 3 


                                                            rupt 2 or pattern m
                                                            atch engine slice 2
                                                            
   75 0000005C 00000000        DCD              PIN_INT3_IRQHandler ; Pin inter
                                                            rupt 3 or pattern m
                                                            atch engine slice 3
                                                            
   76 00000060 00000000        DCD              UTICK0_IRQHandler 
                                                            ; Micro-tick Timer
   77 00000064 00000000        DCD              MRT0_IRQHandler 
                                                            ; Multi-rate timer
   78 00000068 00000000        DCD              CTIMER0_IRQHandler ; Standard c
                                                            ounter/timer CTIMER
                                                            0
   79 0000006C 00000000        DCD              CTIMER1_IRQHandler ; Standard c
                                                            ounter/timer CTIMER
                                                            1
   80 00000070 00000000        DCD              SCT0_IRQHandler ; SCTimer/PWM
   81 00000074 00000000        DCD              CTIMER3_IRQHandler ; Standard c
                                                            ounter/timer CTIMER
                                                            3
   82 00000078 00000000        DCD              FLEXCOMM0_IRQHandler ; Flexcomm
                                                             Interface 0 (USART
                                                            , SPI, I2C)
   83 0000007C 00000000        DCD              FLEXCOMM1_IRQHandler ; Flexcomm
                                                             Interface 1 (USART
                                                            , SPI, I2C)
   84 00000080 00000000        DCD              FLEXCOMM2_IRQHandler ; Flexcomm
                                                             Interface 2 (USART
                                                            , SPI, I2C)
   85 00000084 00000000        DCD              FLEXCOMM3_IRQHandler ; Flexcomm
                                                             Interface 3 (USART
                                                            , SPI, I2C)
   86 00000088 00000000        DCD              FLEXCOMM4_IRQHandler ; Flexcomm
                                                             Interface 4 (USART
                                                            , SPI, I2C)
   87 0000008C 00000000        DCD              FLEXCOMM5_IRQHandler ; Flexcomm
                                                             Interface 5 (USART
                                                            , SPI, I2C)
   88 00000090 00000000        DCD              FLEXCOMM6_IRQHandler ; Flexcomm
                                                             Interface 6 (USART
                                                            , SPI, I2C, I2S)
   89 00000094 00000000        DCD              FLEXCOMM7_IRQHandler ; Flexcomm
                                                             Interface 7 (USART
                                                            , SPI, I2C, I2S)
   90 00000098 00000000        DCD              ADC0_SEQA_IRQHandler ; ADC0 seq
                                                            uence A completion.
                                                            
   91 0000009C 00000000        DCD              ADC0_SEQB_IRQHandler ; ADC0 seq
                                                            uence B completion.
                                                            
   92 000000A0 00000000        DCD              ADC0_THCMP_IRQHandler ; ADC0 th
                                                            reshold compare and
                                                             error.
   93 000000A4 00000000        DCD              DMIC0_IRQHandler ; Digital micr
                                                            ophone and DMIC sub
                                                            system
   94 000000A8 00000000        DCD              HWVAD0_IRQHandler ; Hardware Vo
                                                            ice Activity Detect



ARM Macro Assembler    Page 4 


                                                            or
   95 000000AC 00000000        DCD              USB0_NEEDCLK_IRQHandler ; USB A
                                                            ctivity Wake-up Int
                                                            errupt
   96 000000B0 00000000        DCD              USB0_IRQHandler ; USB device
   97 000000B4 00000000        DCD              RTC_IRQHandler ; RTC alarm and 
                                                            wake-up interrupts
   98 000000B8 00000000        DCD              IOH_IRQHandler ; IOH
   99 000000BC 00000000        DCD              MAILBOX_IRQHandler ; Mailbox in
                                                            terrupt (present on
                                                             selected devices)
  100 000000C0 00000000        DCD              PIN_INT4_IRQHandler ; Pin inter
                                                            rupt 4 or pattern m
                                                            atch engine slice 4
                                                             int
  101 000000C4 00000000        DCD              PIN_INT5_IRQHandler ; Pin inter
                                                            rupt 5 or pattern m
                                                            atch engine slice 5
                                                             int
  102 000000C8 00000000        DCD              PIN_INT6_IRQHandler ; Pin inter
                                                            rupt 6 or pattern m
                                                            atch engine slice 6
                                                             int
  103 000000CC 00000000        DCD              PIN_INT7_IRQHandler ; Pin inter
                                                            rupt 7 or pattern m
                                                            atch engine slice 7
                                                             int
  104 000000D0 00000000        DCD              CTIMER2_IRQHandler ; Standard c
                                                            ounter/timer CTIMER
                                                            2
  105 000000D4 00000000        DCD              CTIMER4_IRQHandler ; Standard c
                                                            ounter/timer CTIMER
                                                            4
  106 000000D8 00000000        DCD              Reserved54_IRQHandler ; Reserve
                                                            d interrupt
  107 000000DC 00000000        DCD              SPIFI0_IRQHandler ; SPI flash i
                                                            nterface
  108 000000E0         
  109 000000E0         ;     <h> Code Read Protection level (CRP)
  110 000000E0         ;       <o>    CRP_Level:
  111 000000E0         ;                       <0xFFFFFFFF=> Disabled
  112 000000E0         ;                       <0x4E697370=> NO_ISP
  113 000000E0         ;                       <0x12345678=> CRP1
  114 000000E0         ;                       <0x87654321=> CRP2
  115 000000E0         ;                       <0x43218765=> CRP3 (Are you sure
                       ?)
  116 000000E0         ;     </h>
  117 000000E0 FFFFFFFF 
                       CRP_Level
                               EQU              0xFFFFFFFF
  118 000000E0         
  119 000000E0                 IF               :LNOT::DEF:NO_CRP
  120 000000E0                 AREA             |.ARM.__at_0x02FC|, CODE, READO
NLY
  121 00000000 FFFFFFFF 
                       CRP_Key DCD              0xFFFFFFFF
  122 00000004                 ENDIF
  123 00000004         
  124 00000004                 AREA             |.text|, CODE, READONLY



ARM Macro Assembler    Page 5 


  125 00000000         
  126 00000000 E000ED00 
                       cpu_id  EQU              0xE000ED00
  127 00000000 40000800 
                       cpu_ctrl
                               EQU              0x40000800
  128 00000000 40000804 
                       coproc_boot
                               EQU              0x40000804
  129 00000000 40000808 
                       coproc_stack
                               EQU              0x40000808
  130 00000000         
  131 00000000         rel_vals
  132 00000000 E000ED00 
              40000800 
              40000804 
              40000808         DCD              cpu_id, cpu_ctrl, coproc_boot, 
coproc_stack
  133 00000010 FF 0F 24 
              0C               DCW              0xFFF, 0xC24
  134 00000014         
  135 00000014         ; Reset Handler - shared for both cores
  136 00000014         Reset_Handler
                               PROC
  137 00000014                 EXPORT           Reset_Handler               [WE
AK]
  138 00000014                 IMPORT           SystemInit
  139 00000014                 IMPORT           __main
  140 00000014         
  141 00000014                 IF               :LNOT::DEF:SLAVEBOOT
  142 00000014         ; Both the M0+ and M4 core come via this shared startup 
                       code,
  143 00000014         ; but the M0+ and M4 core have different vector tables.
  144 00000014         ; Determine if the core executing this code is the maste
                       r or
  145 00000014         ; the slave and handle each core state individually.
  146 00000014         shared_boot_entry
  147 00000014 4E3D            LDR              r6, =rel_vals
  148 00000016 2400            MOVS             r4, #0      ; Flag for slave co
                                                            re (0)
  149 00000018 2501            MOVS             r5, #1
  150 0000001A         
  151 0000001A         ; Determine which core (M0+ or M4) this code is running 
                       on
  152 0000001A         ; r2 = (((*cpu_id) >> 4) & 0xFFF); (M4 core == 0xC24)
  153 0000001A         get_current_core_id
  154 0000001A 6830            LDR              r0, [r6, #0]
  155 0000001C 6801            LDR              r1, [r0]    ; r1 = CPU ID statu
                                                            s
  156 0000001E 0909            LSRS             r1, r1, #4  ; Right justify 12 
                                                            CPU ID bits
  157 00000020 8A32            LDRH             r2, [r6, #16] ; Mask for CPU ID
                                                             bits
  158 00000022 400A            ANDS             r2, r1, r2  ; r2 = ARM COrtex C
                                                            PU ID
  159 00000024 8A73            LDRH             r3, [r6, #18] ; Mask for CPU ID
                                                             bits
  160 00000026 4293            CMP              r3, r2      ; Core ID matches M



ARM Macro Assembler    Page 6 


                                                            4 identifier
  161 00000028 D100            BNE              get_master_status
  162 0000002A 462C            MOV              r4, r5      ; Set flag for mast
                                                            er core (1)
  163 0000002C         
  164 0000002C         ; Determine if M4 core is the master or slave
  165 0000002C         ; r3 = ((*cpu_ctrl) & 1); (0 == m0+, 1 == M4)
  166 0000002C         get_master_status
  167 0000002C 6870            LDR              r0, [r6, #4]
  168 0000002E 6803            LDR              r3, [r0]    ; r3 = SYSCON co-pr
                                                            ocessor CPU control
                                                             status
  169 00000030 402B            ANDS             r3, r3, r5  ; r3 = (Bit 0: 1 = 
                                                            M4 is master, 0 = M
                                                            4 is slave)
  170 00000032         
  171 00000032         ; Select boot based on selected master core and core ID
  172 00000032         select_boot
  173 00000032 4063            EORS             r3, r3, r4  ; r4 = (Bit 0: 0 = 
                                                            master, 1 = slave)
  174 00000034 D100            BNE              slave_boot
  175 00000036 E00A            B                normal_boot
  176 00000038         
  177 00000038         ; Slave boot
  178 00000038         slave_boot
  179 00000038 68B0            LDR              r0, [r6, #8]
  180 0000003A 6802            LDR              r2, [r0]    ; r1 = SYSCON co-pr
                                                            ocessor boot addres
                                                            s
  181 0000003C 2A00            CMP              r2, #0      ; Slave boot addres
                                                            s = 0 (not set up)?
                                                            
  182 0000003E D003            BEQ              cpu_sleep
  183 00000040 68F0            LDR              r0, [r6, #12]
  184 00000042 6801            LDR              r1, [r0]    ; r5 = SYSCON co-pr
                                                            ocessor stack addre
                                                            ss
  185 00000044 468D            MOV              sp, r1      ; Update slave CPU 
                                                            stack pointer
  186 00000046         ; Be sure to update VTOR for the slave MCU to point to t
                       he
  187 00000046         ; slave vector table in boot memory
  188 00000046 4710            BX               r2          ; Jump to slave boo
                                                            t address
  189 00000048         
  190 00000048         ; Slave isn't yet setup for system boot from the master
  191 00000048         ; so sleep until the master sets it up and then reboots 
                       it
  192 00000048         cpu_sleep
  193 00000048 46AD            MOV              sp, r5      ; Will force except
                                                            ion if something ha
                                                            ppens
  194 0000004A         cpu_sleep_wfi
  195 0000004A BF30            WFI                          ; Sleep forever unt
                                                            il master reboots
  196 0000004C E7FD            B                cpu_sleep_wfi
  197 0000004E                 ENDIF
  198 0000004E         
  199 0000004E         ; Normal boot for master/slave



ARM Macro Assembler    Page 7 


  200 0000004E         normal_boot
  201 0000004E 4830            LDR              r0, =SystemInit
  202 00000050 4780            BLX              r0
  203 00000052 4830            LDR              r0, =__main
  204 00000054 4700            BX               r0
  205 00000056                 ENDP
  206 00000056         
  207 00000056         ; Dummy Exception Handlers (infinite loops which can be 
                       modified)
  208 00000056         NMI_Handler
                               PROC
  209 00000056                 EXPORT           NMI_Handler               [WEAK
]
  210 00000056 E7FE            B                .
  211 00000058                 ENDP
  212 00000058         
  214 00000058         HardFault_Handler
                               PROC
  215 00000058                 EXPORT           HardFault_Handler         [WEAK
]
  216 00000058 E7FE            B                .
  217 0000005A                 ENDP
  218 0000005A         
  219 0000005A         MemManage_Handler
                               PROC
  220 0000005A                 EXPORT           MemManage_Handler         [WEAK
]
  221 0000005A E7FE            B                .
  222 0000005C                 ENDP
  223 0000005C         
  224 0000005C         BusFault_Handler
                               PROC
  225 0000005C                 EXPORT           BusFault_Handler          [WEAK
]
  226 0000005C E7FE            B                .
  227 0000005E                 ENDP
  228 0000005E         
  229 0000005E         UsageFault_Handler
                               PROC
  230 0000005E                 EXPORT           UsageFault_Handler        [WEAK
]
  231 0000005E E7FE            B                .
  232 00000060                 ENDP
  233 00000060         
  234 00000060         SVC_Handler
                               PROC
  235 00000060                 EXPORT           SVC_Handler               [WEAK
]
  236 00000060 E7FE            B                .
  237 00000062                 ENDP
  238 00000062         
  239 00000062         DebugMon_Handler
                               PROC
  240 00000062                 EXPORT           DebugMon_Handler          [WEAK
]
  241 00000062 E7FE            B                .
  242 00000064                 ENDP
  243 00000064         
  244 00000064         PendSV_Handler



ARM Macro Assembler    Page 8 


                               PROC
  245 00000064                 EXPORT           PendSV_Handler            [WEAK
]
  246 00000064 E7FE            B                .
  247 00000066                 ENDP
  248 00000066         
  249 00000066         SysTick_Handler
                               PROC
  250 00000066                 EXPORT           SysTick_Handler           [WEAK
]
  251 00000066 E7FE            B                .
  252 00000068                 ENDP
  253 00000068         
  255 00000068         WDT_BOD_IRQHandler
                               PROC
  256 00000068                 EXPORT           WDT_BOD_IRQHandler        [WEAK
]
  257 00000068 482B            LDR              R0, =WDT_BOD_DriverIRQHandler
  258 0000006A 4700            BX               R0
  259 0000006C                 ENDP
  260 0000006C         
  262 0000006C         DMA0_IRQHandler
                               PROC
  263 0000006C                 EXPORT           DMA0_IRQHandler        [WEAK]
  264 0000006C 482B            LDR              R0, =DMA0_DriverIRQHandler
  265 0000006E 4700            BX               R0
  266 00000070                 ENDP
  267 00000070         
  269 00000070         GINT0_IRQHandler
                               PROC
  270 00000070                 EXPORT           GINT0_IRQHandler        [WEAK]
  271 00000070 482B            LDR              R0, =GINT0_DriverIRQHandler
  272 00000072 4700            BX               R0
  273 00000074                 ENDP
  274 00000074         
  276 00000074         GINT1_IRQHandler
                               PROC
  277 00000074                 EXPORT           GINT1_IRQHandler        [WEAK]
  278 00000074 482B            LDR              R0, =GINT1_DriverIRQHandler
  279 00000076 4700            BX               R0
  280 00000078                 ENDP
  281 00000078         
  283 00000078         PIN_INT0_IRQHandler
                               PROC
  284 00000078                 EXPORT           PIN_INT0_IRQHandler        [WEA
K]
  285 00000078 482B            LDR              R0, =PIN_INT0_DriverIRQHandler
  286 0000007A 4700            BX               R0
  287 0000007C                 ENDP
  288 0000007C         
  290 0000007C         PIN_INT1_IRQHandler
                               PROC
  291 0000007C                 EXPORT           PIN_INT1_IRQHandler        [WEA
K]
  292 0000007C 482B            LDR              R0, =PIN_INT1_DriverIRQHandler
  293 0000007E 4700            BX               R0
  294 00000080                 ENDP
  295 00000080         
  297 00000080         PIN_INT2_IRQHandler



ARM Macro Assembler    Page 9 


                               PROC
  298 00000080                 EXPORT           PIN_INT2_IRQHandler        [WEA
K]
  299 00000080 482B            LDR              R0, =PIN_INT2_DriverIRQHandler
  300 00000082 4700            BX               R0
  301 00000084                 ENDP
  302 00000084         
  304 00000084         PIN_INT3_IRQHandler
                               PROC
  305 00000084                 EXPORT           PIN_INT3_IRQHandler        [WEA
K]
  306 00000084 482B            LDR              R0, =PIN_INT3_DriverIRQHandler
  307 00000086 4700            BX               R0
  308 00000088                 ENDP
  309 00000088         
  311 00000088         UTICK0_IRQHandler
                               PROC
  312 00000088                 EXPORT           UTICK0_IRQHandler        [WEAK]
  313 00000088 482B            LDR              R0, =UTICK0_DriverIRQHandler
  314 0000008A 4700            BX               R0
  315 0000008C                 ENDP
  316 0000008C         
  318 0000008C         MRT0_IRQHandler
                               PROC
  319 0000008C                 EXPORT           MRT0_IRQHandler        [WEAK]
  320 0000008C 482B            LDR              R0, =MRT0_DriverIRQHandler
  321 0000008E 4700            BX               R0
  322 00000090                 ENDP
  323 00000090         
  325 00000090         CTIMER0_IRQHandler
                               PROC
  326 00000090                 EXPORT           CTIMER0_IRQHandler        [WEAK
]
  327 00000090 482B            LDR              R0, =CTIMER0_DriverIRQHandler
  328 00000092 4700            BX               R0
  329 00000094                 ENDP
  330 00000094         
  332 00000094         CTIMER1_IRQHandler
                               PROC
  333 00000094                 EXPORT           CTIMER1_IRQHandler        [WEAK
]
  334 00000094 482B            LDR              R0, =CTIMER1_DriverIRQHandler
  335 00000096 4700            BX               R0
  336 00000098                 ENDP
  337 00000098         
  339 00000098         SCT0_IRQHandler
                               PROC
  340 00000098                 EXPORT           SCT0_IRQHandler        [WEAK]
  341 00000098 482B            LDR              R0, =SCT0_DriverIRQHandler
  342 0000009A 4700            BX               R0
  343 0000009C                 ENDP
  344 0000009C         
  346 0000009C         CTIMER3_IRQHandler
                               PROC
  347 0000009C                 EXPORT           CTIMER3_IRQHandler        [WEAK
]
  348 0000009C 482B            LDR              R0, =CTIMER3_DriverIRQHandler
  349 0000009E 4700            BX               R0
  350 000000A0                 ENDP



ARM Macro Assembler    Page 10 


  351 000000A0         
  353 000000A0         FLEXCOMM0_IRQHandler
                               PROC
  354 000000A0                 EXPORT           FLEXCOMM0_IRQHandler        [WE
AK]
  355 000000A0 482B            LDR              R0, =FLEXCOMM0_DriverIRQHandler
  356 000000A2 4700            BX               R0
  357 000000A4                 ENDP
  358 000000A4         
  360 000000A4         FLEXCOMM1_IRQHandler
                               PROC
  361 000000A4                 EXPORT           FLEXCOMM1_IRQHandler        [WE
AK]
  362 000000A4 482B            LDR              R0, =FLEXCOMM1_DriverIRQHandler
  363 000000A6 4700            BX               R0
  364 000000A8                 ENDP
  365 000000A8         
  367 000000A8         FLEXCOMM2_IRQHandler
                               PROC
  368 000000A8                 EXPORT           FLEXCOMM2_IRQHandler        [WE
AK]
  369 000000A8 482B            LDR              R0, =FLEXCOMM2_DriverIRQHandler
  370 000000AA 4700            BX               R0
  371 000000AC                 ENDP
  372 000000AC         
  374 000000AC         FLEXCOMM3_IRQHandler
                               PROC
  375 000000AC                 EXPORT           FLEXCOMM3_IRQHandler        [WE
AK]
  376 000000AC 482B            LDR              R0, =FLEXCOMM3_DriverIRQHandler
  377 000000AE 4700            BX               R0
  378 000000B0                 ENDP
  379 000000B0         
  381 000000B0         FLEXCOMM4_IRQHandler
                               PROC
  382 000000B0                 EXPORT           FLEXCOMM4_IRQHandler        [WE
AK]
  383 000000B0 482B            LDR              R0, =FLEXCOMM4_DriverIRQHandler
  384 000000B2 4700            BX               R0
  385 000000B4                 ENDP
  386 000000B4         
  388 000000B4         FLEXCOMM5_IRQHandler
                               PROC
  389 000000B4                 EXPORT           FLEXCOMM5_IRQHandler        [WE
AK]
  390 000000B4 482B            LDR              R0, =FLEXCOMM5_DriverIRQHandler
  391 000000B6 4700            BX               R0
  392 000000B8                 ENDP
  393 000000B8         
  395 000000B8         FLEXCOMM6_IRQHandler
                               PROC
  396 000000B8                 EXPORT           FLEXCOMM6_IRQHandler        [WE
AK]
  397 000000B8 482B            LDR              R0, =FLEXCOMM6_DriverIRQHandler
  398 000000BA 4700            BX               R0
  399 000000BC                 ENDP
  400 000000BC         
  402 000000BC         FLEXCOMM7_IRQHandler
                               PROC



ARM Macro Assembler    Page 11 


  403 000000BC                 EXPORT           FLEXCOMM7_IRQHandler        [WE
AK]
  404 000000BC 482B            LDR              R0, =FLEXCOMM7_DriverIRQHandler
  405 000000BE 4700            BX               R0
  406 000000C0                 ENDP
  407 000000C0         
  409 000000C0         ADC0_SEQA_IRQHandler
                               PROC
  410 000000C0                 EXPORT           ADC0_SEQA_IRQHandler        [WE
AK]
  411 000000C0 482B            LDR              R0, =ADC0_SEQA_DriverIRQHandler
  412 000000C2 4700            BX               R0
  413 000000C4                 ENDP
  414 000000C4         
  416 000000C4         ADC0_SEQB_IRQHandler
                               PROC
  417 000000C4                 EXPORT           ADC0_SEQB_IRQHandler        [WE
AK]
  418 000000C4 482B            LDR              R0, =ADC0_SEQB_DriverIRQHandler
  419 000000C6 4700            BX               R0
  420 000000C8                 ENDP
  421 000000C8         
  423 000000C8         ADC0_THCMP_IRQHandler
                               PROC
  424 000000C8                 EXPORT           ADC0_THCMP_IRQHandler        [W
EAK]
  425 000000C8 482B            LDR              R0, =ADC0_THCMP_DriverIRQHandle
r
  426 000000CA 4700            BX               R0
  427 000000CC                 ENDP
  428 000000CC         
  430 000000CC         DMIC0_IRQHandler
                               PROC
  431 000000CC                 EXPORT           DMIC0_IRQHandler        [WEAK]
  432 000000CC 482B            LDR              R0, =DMIC0_DriverIRQHandler
  433 000000CE 4700            BX               R0
  434 000000D0                 ENDP
  435 000000D0         
  437 000000D0         HWVAD0_IRQHandler
                               PROC
  438 000000D0                 EXPORT           HWVAD0_IRQHandler        [WEAK]
  439 000000D0 482B            LDR              R0, =HWVAD0_DriverIRQHandler
  440 000000D2 4700            BX               R0
  441 000000D4                 ENDP
  442 000000D4         
  444 000000D4         USB0_NEEDCLK_IRQHandler
                               PROC
  445 000000D4                 EXPORT           USB0_NEEDCLK_IRQHandler        
[WEAK]
  446 000000D4 482B            LDR              R0, =USB0_NEEDCLK_DriverIRQHand
ler
  447 000000D6 4700            BX               R0
  448 000000D8                 ENDP
  449 000000D8         
  451 000000D8         USB0_IRQHandler
                               PROC
  452 000000D8                 EXPORT           USB0_IRQHandler        [WEAK]
  453 000000D8 482B            LDR              R0, =USB0_DriverIRQHandler
  454 000000DA 4700            BX               R0



ARM Macro Assembler    Page 12 


  455 000000DC                 ENDP
  456 000000DC         
  458 000000DC         RTC_IRQHandler
                               PROC
  459 000000DC                 EXPORT           RTC_IRQHandler        [WEAK]
  460 000000DC 482B            LDR              R0, =RTC_DriverIRQHandler
  461 000000DE 4700            BX               R0
  462 000000E0                 ENDP
  463 000000E0         
  465 000000E0         IOH_IRQHandler
                               PROC
  466 000000E0                 EXPORT           IOH_IRQHandler        [WEAK]
  467 000000E0 482B            LDR              R0, =IOH_DriverIRQHandler
  468 000000E2 4700            BX               R0
  469 000000E4                 ENDP
  470 000000E4         
  472 000000E4         MAILBOX_IRQHandler
                               PROC
  473 000000E4                 EXPORT           MAILBOX_IRQHandler        [WEAK
]
  474 000000E4 482B            LDR              R0, =MAILBOX_DriverIRQHandler
  475 000000E6 4700            BX               R0
  476 000000E8                 ENDP
  477 000000E8         
  479 000000E8         PIN_INT4_IRQHandler
                               PROC
  480 000000E8                 EXPORT           PIN_INT4_IRQHandler        [WEA
K]
  481 000000E8 482B            LDR              R0, =PIN_INT4_DriverIRQHandler
  482 000000EA 4700            BX               R0
  483 000000EC                 ENDP
  484 000000EC         
  486 000000EC         PIN_INT5_IRQHandler
                               PROC
  487 000000EC                 EXPORT           PIN_INT5_IRQHandler        [WEA
K]
  488 000000EC 482B            LDR              R0, =PIN_INT5_DriverIRQHandler
  489 000000EE 4700            BX               R0
  490 000000F0                 ENDP
  491 000000F0         
  493 000000F0         PIN_INT6_IRQHandler
                               PROC
  494 000000F0                 EXPORT           PIN_INT6_IRQHandler        [WEA
K]
  495 000000F0 482B            LDR              R0, =PIN_INT6_DriverIRQHandler
  496 000000F2 4700            BX               R0
  497 000000F4                 ENDP
  498 000000F4         
  500 000000F4         PIN_INT7_IRQHandler
                               PROC
  501 000000F4                 EXPORT           PIN_INT7_IRQHandler        [WEA
K]
  502 000000F4 482B            LDR              R0, =PIN_INT7_DriverIRQHandler
  503 000000F6 4700            BX               R0
  504 000000F8                 ENDP
  505 000000F8         
  507 000000F8         CTIMER2_IRQHandler
                               PROC
  508 000000F8                 EXPORT           CTIMER2_IRQHandler        [WEAK



ARM Macro Assembler    Page 13 


]
  509 000000F8 482B            LDR              R0, =CTIMER2_DriverIRQHandler
  510 000000FA 4700            BX               R0
  511 000000FC                 ENDP
  512 000000FC         
  514 000000FC         CTIMER4_IRQHandler
                               PROC
  515 000000FC                 EXPORT           CTIMER4_IRQHandler        [WEAK
]
  516 000000FC 482B            LDR              R0, =CTIMER4_DriverIRQHandler
  517 000000FE 4700            BX               R0
  518 00000100                 ENDP
  519 00000100         
  521 00000100         Reserved54_IRQHandler
                               PROC
  522 00000100                 EXPORT           Reserved54_IRQHandler        [W
EAK]
  523 00000100 482B            LDR              R0, =Reserved54_DriverIRQHandle
r
  524 00000102 4700            BX               R0
  525 00000104                 ENDP
  526 00000104         
  528 00000104         SPIFI0_IRQHandler
                               PROC
  529 00000104                 EXPORT           SPIFI0_IRQHandler        [WEAK]
  530 00000104 482B            LDR              R0, =SPIFI0_DriverIRQHandler
  531 00000106 4700            BX               R0
  532 00000108                 ENDP
  533 00000108         
  534 00000108         Default_Handler
                               PROC
  535 00000108                 EXPORT           WDT_BOD_DriverIRQHandler       
 [WEAK]
  536 00000108                 EXPORT           DMA0_DriverIRQHandler        [W
EAK]
  537 00000108                 EXPORT           GINT0_DriverIRQHandler        [
WEAK]
  538 00000108                 EXPORT           GINT1_DriverIRQHandler        [
WEAK]
  539 00000108                 EXPORT           PIN_INT0_DriverIRQHandler      
  [WEAK]
  540 00000108                 EXPORT           PIN_INT1_DriverIRQHandler      
  [WEAK]
  541 00000108                 EXPORT           PIN_INT2_DriverIRQHandler      
  [WEAK]
  542 00000108                 EXPORT           PIN_INT3_DriverIRQHandler      
  [WEAK]
  543 00000108                 EXPORT           UTICK0_DriverIRQHandler        
[WEAK]
  544 00000108                 EXPORT           MRT0_DriverIRQHandler        [W
EAK]
  545 00000108                 EXPORT           CTIMER0_DriverIRQHandler       
 [WEAK]
  546 00000108                 EXPORT           CTIMER1_DriverIRQHandler       
 [WEAK]
  547 00000108                 EXPORT           SCT0_DriverIRQHandler        [W
EAK]
  548 00000108                 EXPORT           CTIMER3_DriverIRQHandler       
 [WEAK]



ARM Macro Assembler    Page 14 


  549 00000108                 EXPORT           FLEXCOMM0_DriverIRQHandler     
   [WEAK]
  550 00000108                 EXPORT           FLEXCOMM1_DriverIRQHandler     
   [WEAK]
  551 00000108                 EXPORT           FLEXCOMM2_DriverIRQHandler     
   [WEAK]
  552 00000108                 EXPORT           FLEXCOMM3_DriverIRQHandler     
   [WEAK]
  553 00000108                 EXPORT           FLEXCOMM4_DriverIRQHandler     
   [WEAK]
  554 00000108                 EXPORT           FLEXCOMM5_DriverIRQHandler     
   [WEAK]
  555 00000108                 EXPORT           FLEXCOMM6_DriverIRQHandler     
   [WEAK]
  556 00000108                 EXPORT           FLEXCOMM7_DriverIRQHandler     
   [WEAK]
  557 00000108                 EXPORT           ADC0_SEQA_DriverIRQHandler     
   [WEAK]
  558 00000108                 EXPORT           ADC0_SEQB_DriverIRQHandler     
   [WEAK]
  559 00000108                 EXPORT           ADC0_THCMP_DriverIRQHandler    
    [WEAK]
  560 00000108                 EXPORT           DMIC0_DriverIRQHandler        [
WEAK]
  561 00000108                 EXPORT           HWVAD0_DriverIRQHandler        
[WEAK]
  562 00000108                 EXPORT           USB0_NEEDCLK_DriverIRQHandler  
      [WEAK]
  563 00000108                 EXPORT           USB0_DriverIRQHandler        [W
EAK]
  564 00000108                 EXPORT           RTC_DriverIRQHandler        [WE
AK]
  565 00000108                 EXPORT           IOH_DriverIRQHandler        [WE
AK]
  566 00000108                 EXPORT           MAILBOX_DriverIRQHandler       
 [WEAK]
  567 00000108                 EXPORT           PIN_INT4_DriverIRQHandler      
  [WEAK]
  568 00000108                 EXPORT           PIN_INT5_DriverIRQHandler      
  [WEAK]
  569 00000108                 EXPORT           PIN_INT6_DriverIRQHandler      
  [WEAK]
  570 00000108                 EXPORT           PIN_INT7_DriverIRQHandler      
  [WEAK]
  571 00000108                 EXPORT           CTIMER2_DriverIRQHandler       
 [WEAK]
  572 00000108                 EXPORT           CTIMER4_DriverIRQHandler       
 [WEAK]
  573 00000108                 EXPORT           Reserved54_DriverIRQHandler    
    [WEAK]
  574 00000108                 EXPORT           SPIFI0_DriverIRQHandler        
[WEAK]
  575 00000108         
  576 00000108         WDT_BOD_DriverIRQHandler
  577 00000108         DMA0_DriverIRQHandler
  578 00000108         GINT0_DriverIRQHandler
  579 00000108         GINT1_DriverIRQHandler
  580 00000108         PIN_INT0_DriverIRQHandler
  581 00000108         PIN_INT1_DriverIRQHandler



ARM Macro Assembler    Page 15 


  582 00000108         PIN_INT2_DriverIRQHandler
  583 00000108         PIN_INT3_DriverIRQHandler
  584 00000108         UTICK0_DriverIRQHandler
  585 00000108         MRT0_DriverIRQHandler
  586 00000108         CTIMER0_DriverIRQHandler
  587 00000108         CTIMER1_DriverIRQHandler
  588 00000108         SCT0_DriverIRQHandler
  589 00000108         CTIMER3_DriverIRQHandler
  590 00000108         FLEXCOMM0_DriverIRQHandler
  591 00000108         FLEXCOMM1_DriverIRQHandler
  592 00000108         FLEXCOMM2_DriverIRQHandler
  593 00000108         FLEXCOMM3_DriverIRQHandler
  594 00000108         FLEXCOMM4_DriverIRQHandler
  595 00000108         FLEXCOMM5_DriverIRQHandler
  596 00000108         FLEXCOMM6_DriverIRQHandler
  597 00000108         FLEXCOMM7_DriverIRQHandler
  598 00000108         ADC0_SEQA_DriverIRQHandler
  599 00000108         ADC0_SEQB_DriverIRQHandler
  600 00000108         ADC0_THCMP_DriverIRQHandler
  601 00000108         DMIC0_DriverIRQHandler
  602 00000108         HWVAD0_DriverIRQHandler
  603 00000108         USB0_NEEDCLK_DriverIRQHandler
  604 00000108         USB0_DriverIRQHandler
  605 00000108         RTC_DriverIRQHandler
  606 00000108         IOH_DriverIRQHandler
  607 00000108         MAILBOX_DriverIRQHandler
  608 00000108         PIN_INT4_DriverIRQHandler
  609 00000108         PIN_INT5_DriverIRQHandler
  610 00000108         PIN_INT6_DriverIRQHandler
  611 00000108         PIN_INT7_DriverIRQHandler
  612 00000108         CTIMER2_DriverIRQHandler
  613 00000108         CTIMER4_DriverIRQHandler
  614 00000108         Reserved54_DriverIRQHandler
  615 00000108         SPIFI0_DriverIRQHandler
  616 00000108         
  617 00000108 E7FE            B                .
  618 0000010A         
  619 0000010A                 ENDP
  620 0000010A         
  621 0000010A         
  622 0000010A 00 00           ALIGN
  623 0000010C         
  624 0000010C         
  625 0000010C                 END
              00000000 
              00000000 
              00000000 
              00000000 
              00000000 
              00000000 
              00000000 
              00000000 
              00000000 
              00000000 
              00000000 
              00000000 
              00000000 
              00000000 
              00000000 



ARM Macro Assembler    Page 16 


              00000000 
              00000000 
              00000000 
              00000000 
              00000000 
              00000000 
              00000000 
              00000000 
              00000000 
              00000000 
              00000000 
              00000000 
              00000000 
              00000000 
              00000000 
              00000000 
              00000000 
              00000000 
              00000000 
              00000000 
              00000000 
              00000000 
              00000000 
              00000000 
              00000000 
              00000000 
              00000000 
              00000000 
Command Line: --debug --xref --diag_suppress=9931 --cpu=Cortex-M4.fp --apcs=int
erwork --depend=.\objects\startup_lpc54114_cm4.d -o.\objects\startup_lpc54114_c
m4.o -IE:\学科竞赛\2018年恩智浦LPC双核设计大赛\项目设计\参考资料\CD_LPC54110\so
ftware\prj_keil\RTE\_Debug_In_Flash -I"D:\Program Files (x86)\Keil_v5\ARM\PACK\
Keil\LPC54000_DFP\2.6.0\LPCOpen\lpc5411x\chip_5411x\inc" -I"D:\Program Files (x
86)\Keil_v5\ARM\CMSIS\Include" --predefine="__UVISION_VERSION SETA 522" --prede
fine="CHIP_LPC5411X SETA 1" --predefine="CPU_LPC54114J256_M4 SETA 1" --predefin
e="DEBUG SETA 1" --predefine="__CC_ARM SETA 1" --predefine="KEIL SETA 1" --list
=.\listings\startup_lpc54114_cm4.lst ..\csp\startup_LPC54114_cm4.s



ARM Macro Assembler    Page 1 Alphabetic symbol ordering
Relocatable symbols

RESET 00000000

Symbol: RESET
   Definitions
      At line 44 in file ..\csp\startup_LPC54114_cm4.s
   Uses
      None
Comment: RESET unused
__Vectors 00000000

Symbol: __Vectors
   Definitions
      At line 48 in file ..\csp\startup_LPC54114_cm4.s
   Uses
      At line 45 in file ..\csp\startup_LPC54114_cm4.s
Comment: __Vectors used once
__vector_table_0x1c 0000001C

Symbol: __vector_table_0x1c
   Definitions
      At line 56 in file ..\csp\startup_LPC54114_cm4.s
   Uses
      None
Comment: __vector_table_0x1c unused
3 symbols



ARM Macro Assembler    Page 1 Alphabetic symbol ordering
Relocatable symbols

.ARM.__at_0x02FC 00000000

Symbol: .ARM.__at_0x02FC
   Definitions
      At line 120 in file ..\csp\startup_LPC54114_cm4.s
   Uses
      None
Comment: .ARM.__at_0x02FC unused
CRP_Key 00000000

Symbol: CRP_Key
   Definitions
      At line 121 in file ..\csp\startup_LPC54114_cm4.s
   Uses
      None
Comment: CRP_Key unused
2 symbols



ARM Macro Assembler    Page 1 Alphabetic symbol ordering
Relocatable symbols

.text 00000000

Symbol: .text
   Definitions
      At line 124 in file ..\csp\startup_LPC54114_cm4.s
   Uses
      None
Comment: .text unused
ADC0_SEQA_DriverIRQHandler 00000108

Symbol: ADC0_SEQA_DriverIRQHandler
   Definitions
      At line 598 in file ..\csp\startup_LPC54114_cm4.s
   Uses
      At line 411 in file ..\csp\startup_LPC54114_cm4.s
      At line 557 in file ..\csp\startup_LPC54114_cm4.s

ADC0_SEQA_IRQHandler 000000C0

Symbol: ADC0_SEQA_IRQHandler
   Definitions
      At line 409 in file ..\csp\startup_LPC54114_cm4.s
   Uses
      At line 90 in file ..\csp\startup_LPC54114_cm4.s
      At line 410 in file ..\csp\startup_LPC54114_cm4.s

ADC0_SEQB_DriverIRQHandler 00000108

Symbol: ADC0_SEQB_DriverIRQHandler
   Definitions
      At line 599 in file ..\csp\startup_LPC54114_cm4.s
   Uses
      At line 418 in file ..\csp\startup_LPC54114_cm4.s
      At line 558 in file ..\csp\startup_LPC54114_cm4.s

ADC0_SEQB_IRQHandler 000000C4

Symbol: ADC0_SEQB_IRQHandler
   Definitions
      At line 416 in file ..\csp\startup_LPC54114_cm4.s
   Uses
      At line 91 in file ..\csp\startup_LPC54114_cm4.s
      At line 417 in file ..\csp\startup_LPC54114_cm4.s

ADC0_THCMP_DriverIRQHandler 00000108

Symbol: ADC0_THCMP_DriverIRQHandler
   Definitions
      At line 600 in file ..\csp\startup_LPC54114_cm4.s
   Uses
      At line 425 in file ..\csp\startup_LPC54114_cm4.s
      At line 559 in file ..\csp\startup_LPC54114_cm4.s

ADC0_THCMP_IRQHandler 000000C8

Symbol: ADC0_THCMP_IRQHandler
   Definitions
      At line 423 in file ..\csp\startup_LPC54114_cm4.s
   Uses



ARM Macro Assembler    Page 2 Alphabetic symbol ordering
Relocatable symbols

      At line 92 in file ..\csp\startup_LPC54114_cm4.s
      At line 424 in file ..\csp\startup_LPC54114_cm4.s

BusFault_Handler 0000005C

Symbol: BusFault_Handler
   Definitions
      At line 224 in file ..\csp\startup_LPC54114_cm4.s
   Uses
      At line 54 in file ..\csp\startup_LPC54114_cm4.s
      At line 225 in file ..\csp\startup_LPC54114_cm4.s

CTIMER0_DriverIRQHandler 00000108

Symbol: CTIMER0_DriverIRQHandler
   Definitions
      At line 586 in file ..\csp\startup_LPC54114_cm4.s
   Uses
      At line 327 in file ..\csp\startup_LPC54114_cm4.s
      At line 545 in file ..\csp\startup_LPC54114_cm4.s

CTIMER0_IRQHandler 00000090

Symbol: CTIMER0_IRQHandler
   Definitions
      At line 325 in file ..\csp\startup_LPC54114_cm4.s
   Uses
      At line 78 in file ..\csp\startup_LPC54114_cm4.s
      At line 326 in file ..\csp\startup_LPC54114_cm4.s

CTIMER1_DriverIRQHandler 00000108

Symbol: CTIMER1_DriverIRQHandler
   Definitions
      At line 587 in file ..\csp\startup_LPC54114_cm4.s
   Uses
      At line 334 in file ..\csp\startup_LPC54114_cm4.s
      At line 546 in file ..\csp\startup_LPC54114_cm4.s

CTIMER1_IRQHandler 00000094

Symbol: CTIMER1_IRQHandler
   Definitions
      At line 332 in file ..\csp\startup_LPC54114_cm4.s
   Uses
      At line 79 in file ..\csp\startup_LPC54114_cm4.s
      At line 333 in file ..\csp\startup_LPC54114_cm4.s

CTIMER2_DriverIRQHandler 00000108

Symbol: CTIMER2_DriverIRQHandler
   Definitions
      At line 612 in file ..\csp\startup_LPC54114_cm4.s
   Uses
      At line 509 in file ..\csp\startup_LPC54114_cm4.s
      At line 571 in file ..\csp\startup_LPC54114_cm4.s

CTIMER2_IRQHandler 000000F8




ARM Macro Assembler    Page 3 Alphabetic symbol ordering
Relocatable symbols

Symbol: CTIMER2_IRQHandler
   Definitions
      At line 507 in file ..\csp\startup_LPC54114_cm4.s
   Uses
      At line 104 in file ..\csp\startup_LPC54114_cm4.s
      At line 508 in file ..\csp\startup_LPC54114_cm4.s

CTIMER3_DriverIRQHandler 00000108

Symbol: CTIMER3_DriverIRQHandler
   Definitions
      At line 589 in file ..\csp\startup_LPC54114_cm4.s
   Uses
      At line 348 in file ..\csp\startup_LPC54114_cm4.s
      At line 548 in file ..\csp\startup_LPC54114_cm4.s

CTIMER3_IRQHandler 0000009C

Symbol: CTIMER3_IRQHandler
   Definitions
      At line 346 in file ..\csp\startup_LPC54114_cm4.s
   Uses
      At line 81 in file ..\csp\startup_LPC54114_cm4.s
      At line 347 in file ..\csp\startup_LPC54114_cm4.s

CTIMER4_DriverIRQHandler 00000108

Symbol: CTIMER4_DriverIRQHandler
   Definitions
      At line 613 in file ..\csp\startup_LPC54114_cm4.s
   Uses
      At line 516 in file ..\csp\startup_LPC54114_cm4.s
      At line 572 in file ..\csp\startup_LPC54114_cm4.s

CTIMER4_IRQHandler 000000FC

Symbol: CTIMER4_IRQHandler
   Definitions
      At line 514 in file ..\csp\startup_LPC54114_cm4.s
   Uses
      At line 105 in file ..\csp\startup_LPC54114_cm4.s
      At line 515 in file ..\csp\startup_LPC54114_cm4.s

DMA0_DriverIRQHandler 00000108

Symbol: DMA0_DriverIRQHandler
   Definitions
      At line 577 in file ..\csp\startup_LPC54114_cm4.s
   Uses
      At line 264 in file ..\csp\startup_LPC54114_cm4.s
      At line 536 in file ..\csp\startup_LPC54114_cm4.s

DMA0_IRQHandler 0000006C

Symbol: DMA0_IRQHandler
   Definitions
      At line 262 in file ..\csp\startup_LPC54114_cm4.s
   Uses
      At line 69 in file ..\csp\startup_LPC54114_cm4.s



ARM Macro Assembler    Page 4 Alphabetic symbol ordering
Relocatable symbols

      At line 263 in file ..\csp\startup_LPC54114_cm4.s

DMIC0_DriverIRQHandler 00000108

Symbol: DMIC0_DriverIRQHandler
   Definitions
      At line 601 in file ..\csp\startup_LPC54114_cm4.s
   Uses
      At line 432 in file ..\csp\startup_LPC54114_cm4.s
      At line 560 in file ..\csp\startup_LPC54114_cm4.s

DMIC0_IRQHandler 000000CC

Symbol: DMIC0_IRQHandler
   Definitions
      At line 430 in file ..\csp\startup_LPC54114_cm4.s
   Uses
      At line 93 in file ..\csp\startup_LPC54114_cm4.s
      At line 431 in file ..\csp\startup_LPC54114_cm4.s

DebugMon_Handler 00000062

Symbol: DebugMon_Handler
   Definitions
      At line 239 in file ..\csp\startup_LPC54114_cm4.s
   Uses
      At line 62 in file ..\csp\startup_LPC54114_cm4.s
      At line 240 in file ..\csp\startup_LPC54114_cm4.s

Default_Handler 00000108

Symbol: Default_Handler
   Definitions
      At line 534 in file ..\csp\startup_LPC54114_cm4.s
   Uses
      None
Comment: Default_Handler unused
FLEXCOMM0_DriverIRQHandler 00000108

Symbol: FLEXCOMM0_DriverIRQHandler
   Definitions
      At line 590 in file ..\csp\startup_LPC54114_cm4.s
   Uses
      At line 355 in file ..\csp\startup_LPC54114_cm4.s
      At line 549 in file ..\csp\startup_LPC54114_cm4.s

FLEXCOMM0_IRQHandler 000000A0

Symbol: FLEXCOMM0_IRQHandler
   Definitions
      At line 353 in file ..\csp\startup_LPC54114_cm4.s
   Uses
      At line 82 in file ..\csp\startup_LPC54114_cm4.s
      At line 354 in file ..\csp\startup_LPC54114_cm4.s

FLEXCOMM1_DriverIRQHandler 00000108

Symbol: FLEXCOMM1_DriverIRQHandler
   Definitions



ARM Macro Assembler    Page 5 Alphabetic symbol ordering
Relocatable symbols

      At line 591 in file ..\csp\startup_LPC54114_cm4.s
   Uses
      At line 362 in file ..\csp\startup_LPC54114_cm4.s
      At line 550 in file ..\csp\startup_LPC54114_cm4.s

FLEXCOMM1_IRQHandler 000000A4

Symbol: FLEXCOMM1_IRQHandler
   Definitions
      At line 360 in file ..\csp\startup_LPC54114_cm4.s
   Uses
      At line 83 in file ..\csp\startup_LPC54114_cm4.s
      At line 361 in file ..\csp\startup_LPC54114_cm4.s

FLEXCOMM2_DriverIRQHandler 00000108

Symbol: FLEXCOMM2_DriverIRQHandler
   Definitions
      At line 592 in file ..\csp\startup_LPC54114_cm4.s
   Uses
      At line 369 in file ..\csp\startup_LPC54114_cm4.s
      At line 551 in file ..\csp\startup_LPC54114_cm4.s

FLEXCOMM2_IRQHandler 000000A8

Symbol: FLEXCOMM2_IRQHandler
   Definitions
      At line 367 in file ..\csp\startup_LPC54114_cm4.s
   Uses
      At line 84 in file ..\csp\startup_LPC54114_cm4.s
      At line 368 in file ..\csp\startup_LPC54114_cm4.s

FLEXCOMM3_DriverIRQHandler 00000108

Symbol: FLEXCOMM3_DriverIRQHandler
   Definitions
      At line 593 in file ..\csp\startup_LPC54114_cm4.s
   Uses
      At line 376 in file ..\csp\startup_LPC54114_cm4.s
      At line 552 in file ..\csp\startup_LPC54114_cm4.s

FLEXCOMM3_IRQHandler 000000AC

Symbol: FLEXCOMM3_IRQHandler
   Definitions
      At line 374 in file ..\csp\startup_LPC54114_cm4.s
   Uses
      At line 85 in file ..\csp\startup_LPC54114_cm4.s
      At line 375 in file ..\csp\startup_LPC54114_cm4.s

FLEXCOMM4_DriverIRQHandler 00000108

Symbol: FLEXCOMM4_DriverIRQHandler
   Definitions
      At line 594 in file ..\csp\startup_LPC54114_cm4.s
   Uses
      At line 383 in file ..\csp\startup_LPC54114_cm4.s
      At line 553 in file ..\csp\startup_LPC54114_cm4.s




ARM Macro Assembler    Page 6 Alphabetic symbol ordering
Relocatable symbols

FLEXCOMM4_IRQHandler 000000B0

Symbol: FLEXCOMM4_IRQHandler
   Definitions
      At line 381 in file ..\csp\startup_LPC54114_cm4.s
   Uses
      At line 86 in file ..\csp\startup_LPC54114_cm4.s
      At line 382 in file ..\csp\startup_LPC54114_cm4.s

FLEXCOMM5_DriverIRQHandler 00000108

Symbol: FLEXCOMM5_DriverIRQHandler
   Definitions
      At line 595 in file ..\csp\startup_LPC54114_cm4.s
   Uses
      At line 390 in file ..\csp\startup_LPC54114_cm4.s
      At line 554 in file ..\csp\startup_LPC54114_cm4.s

FLEXCOMM5_IRQHandler 000000B4

Symbol: FLEXCOMM5_IRQHandler
   Definitions
      At line 388 in file ..\csp\startup_LPC54114_cm4.s
   Uses
      At line 87 in file ..\csp\startup_LPC54114_cm4.s
      At line 389 in file ..\csp\startup_LPC54114_cm4.s

FLEXCOMM6_DriverIRQHandler 00000108

Symbol: FLEXCOMM6_DriverIRQHandler
   Definitions
      At line 596 in file ..\csp\startup_LPC54114_cm4.s
   Uses
      At line 397 in file ..\csp\startup_LPC54114_cm4.s
      At line 555 in file ..\csp\startup_LPC54114_cm4.s

FLEXCOMM6_IRQHandler 000000B8

Symbol: FLEXCOMM6_IRQHandler
   Definitions
      At line 395 in file ..\csp\startup_LPC54114_cm4.s
   Uses
      At line 88 in file ..\csp\startup_LPC54114_cm4.s
      At line 396 in file ..\csp\startup_LPC54114_cm4.s

FLEXCOMM7_DriverIRQHandler 00000108

Symbol: FLEXCOMM7_DriverIRQHandler
   Definitions
      At line 597 in file ..\csp\startup_LPC54114_cm4.s
   Uses
      At line 404 in file ..\csp\startup_LPC54114_cm4.s
      At line 556 in file ..\csp\startup_LPC54114_cm4.s

FLEXCOMM7_IRQHandler 000000BC

Symbol: FLEXCOMM7_IRQHandler
   Definitions
      At line 402 in file ..\csp\startup_LPC54114_cm4.s



ARM Macro Assembler    Page 7 Alphabetic symbol ordering
Relocatable symbols

   Uses
      At line 89 in file ..\csp\startup_LPC54114_cm4.s
      At line 403 in file ..\csp\startup_LPC54114_cm4.s

GINT0_DriverIRQHandler 00000108

Symbol: GINT0_DriverIRQHandler
   Definitions
      At line 578 in file ..\csp\startup_LPC54114_cm4.s
   Uses
      At line 271 in file ..\csp\startup_LPC54114_cm4.s
      At line 537 in file ..\csp\startup_LPC54114_cm4.s

GINT0_IRQHandler 00000070

Symbol: GINT0_IRQHandler
   Definitions
      At line 269 in file ..\csp\startup_LPC54114_cm4.s
   Uses
      At line 70 in file ..\csp\startup_LPC54114_cm4.s
      At line 270 in file ..\csp\startup_LPC54114_cm4.s

GINT1_DriverIRQHandler 00000108

Symbol: GINT1_DriverIRQHandler
   Definitions
      At line 579 in file ..\csp\startup_LPC54114_cm4.s
   Uses
      At line 278 in file ..\csp\startup_LPC54114_cm4.s
      At line 538 in file ..\csp\startup_LPC54114_cm4.s

GINT1_IRQHandler 00000074

Symbol: GINT1_IRQHandler
   Definitions
      At line 276 in file ..\csp\startup_LPC54114_cm4.s
   Uses
      At line 71 in file ..\csp\startup_LPC54114_cm4.s
      At line 277 in file ..\csp\startup_LPC54114_cm4.s

HWVAD0_DriverIRQHandler 00000108

Symbol: HWVAD0_DriverIRQHandler
   Definitions
      At line 602 in file ..\csp\startup_LPC54114_cm4.s
   Uses
      At line 439 in file ..\csp\startup_LPC54114_cm4.s
      At line 561 in file ..\csp\startup_LPC54114_cm4.s

HWVAD0_IRQHandler 000000D0

Symbol: HWVAD0_IRQHandler
   Definitions
      At line 437 in file ..\csp\startup_LPC54114_cm4.s
   Uses
      At line 94 in file ..\csp\startup_LPC54114_cm4.s
      At line 438 in file ..\csp\startup_LPC54114_cm4.s

HardFault_Handler 00000058



ARM Macro Assembler    Page 8 Alphabetic symbol ordering
Relocatable symbols


Symbol: HardFault_Handler
   Definitions
      At line 214 in file ..\csp\startup_LPC54114_cm4.s
   Uses
      At line 52 in file ..\csp\startup_LPC54114_cm4.s
      At line 215 in file ..\csp\startup_LPC54114_cm4.s

IOH_DriverIRQHandler 00000108

Symbol: IOH_DriverIRQHandler
   Definitions
      At line 606 in file ..\csp\startup_LPC54114_cm4.s
   Uses
      At line 467 in file ..\csp\startup_LPC54114_cm4.s
      At line 565 in file ..\csp\startup_LPC54114_cm4.s

IOH_IRQHandler 000000E0

Symbol: IOH_IRQHandler
   Definitions
      At line 465 in file ..\csp\startup_LPC54114_cm4.s
   Uses
      At line 98 in file ..\csp\startup_LPC54114_cm4.s
      At line 466 in file ..\csp\startup_LPC54114_cm4.s

MAILBOX_DriverIRQHandler 00000108

Symbol: MAILBOX_DriverIRQHandler
   Definitions
      At line 607 in file ..\csp\startup_LPC54114_cm4.s
   Uses
      At line 474 in file ..\csp\startup_LPC54114_cm4.s
      At line 566 in file ..\csp\startup_LPC54114_cm4.s

MAILBOX_IRQHandler 000000E4

Symbol: MAILBOX_IRQHandler
   Definitions
      At line 472 in file ..\csp\startup_LPC54114_cm4.s
   Uses
      At line 99 in file ..\csp\startup_LPC54114_cm4.s
      At line 473 in file ..\csp\startup_LPC54114_cm4.s

MRT0_DriverIRQHandler 00000108

Symbol: MRT0_DriverIRQHandler
   Definitions
      At line 585 in file ..\csp\startup_LPC54114_cm4.s
   Uses
      At line 320 in file ..\csp\startup_LPC54114_cm4.s
      At line 544 in file ..\csp\startup_LPC54114_cm4.s

MRT0_IRQHandler 0000008C

Symbol: MRT0_IRQHandler
   Definitions
      At line 318 in file ..\csp\startup_LPC54114_cm4.s
   Uses



ARM Macro Assembler    Page 9 Alphabetic symbol ordering
Relocatable symbols

      At line 77 in file ..\csp\startup_LPC54114_cm4.s
      At line 319 in file ..\csp\startup_LPC54114_cm4.s

MemManage_Handler 0000005A

Symbol: MemManage_Handler
   Definitions
      At line 219 in file ..\csp\startup_LPC54114_cm4.s
   Uses
      At line 53 in file ..\csp\startup_LPC54114_cm4.s
      At line 220 in file ..\csp\startup_LPC54114_cm4.s

NMI_Handler 00000056

Symbol: NMI_Handler
   Definitions
      At line 208 in file ..\csp\startup_LPC54114_cm4.s
   Uses
      At line 51 in file ..\csp\startup_LPC54114_cm4.s
      At line 209 in file ..\csp\startup_LPC54114_cm4.s

PIN_INT0_DriverIRQHandler 00000108

Symbol: PIN_INT0_DriverIRQHandler
   Definitions
      At line 580 in file ..\csp\startup_LPC54114_cm4.s
   Uses
      At line 285 in file ..\csp\startup_LPC54114_cm4.s
      At line 539 in file ..\csp\startup_LPC54114_cm4.s

PIN_INT0_IRQHandler 00000078

Symbol: PIN_INT0_IRQHandler
   Definitions
      At line 283 in file ..\csp\startup_LPC54114_cm4.s
   Uses
      At line 72 in file ..\csp\startup_LPC54114_cm4.s
      At line 284 in file ..\csp\startup_LPC54114_cm4.s

PIN_INT1_DriverIRQHandler 00000108

Symbol: PIN_INT1_DriverIRQHandler
   Definitions
      At line 581 in file ..\csp\startup_LPC54114_cm4.s
   Uses
      At line 292 in file ..\csp\startup_LPC54114_cm4.s
      At line 540 in file ..\csp\startup_LPC54114_cm4.s

PIN_INT1_IRQHandler 0000007C

Symbol: PIN_INT1_IRQHandler
   Definitions
      At line 290 in file ..\csp\startup_LPC54114_cm4.s
   Uses
      At line 73 in file ..\csp\startup_LPC54114_cm4.s
      At line 291 in file ..\csp\startup_LPC54114_cm4.s

PIN_INT2_DriverIRQHandler 00000108




ARM Macro Assembler    Page 10 Alphabetic symbol ordering
Relocatable symbols

Symbol: PIN_INT2_DriverIRQHandler
   Definitions
      At line 582 in file ..\csp\startup_LPC54114_cm4.s
   Uses
      At line 299 in file ..\csp\startup_LPC54114_cm4.s
      At line 541 in file ..\csp\startup_LPC54114_cm4.s

PIN_INT2_IRQHandler 00000080

Symbol: PIN_INT2_IRQHandler
   Definitions
      At line 297 in file ..\csp\startup_LPC54114_cm4.s
   Uses
      At line 74 in file ..\csp\startup_LPC54114_cm4.s
      At line 298 in file ..\csp\startup_LPC54114_cm4.s

PIN_INT3_DriverIRQHandler 00000108

Symbol: PIN_INT3_DriverIRQHandler
   Definitions
      At line 583 in file ..\csp\startup_LPC54114_cm4.s
   Uses
      At line 306 in file ..\csp\startup_LPC54114_cm4.s
      At line 542 in file ..\csp\startup_LPC54114_cm4.s

PIN_INT3_IRQHandler 00000084

Symbol: PIN_INT3_IRQHandler
   Definitions
      At line 304 in file ..\csp\startup_LPC54114_cm4.s
   Uses
      At line 75 in file ..\csp\startup_LPC54114_cm4.s
      At line 305 in file ..\csp\startup_LPC54114_cm4.s

PIN_INT4_DriverIRQHandler 00000108

Symbol: PIN_INT4_DriverIRQHandler
   Definitions
      At line 608 in file ..\csp\startup_LPC54114_cm4.s
   Uses
      At line 481 in file ..\csp\startup_LPC54114_cm4.s
      At line 567 in file ..\csp\startup_LPC54114_cm4.s

PIN_INT4_IRQHandler 000000E8

Symbol: PIN_INT4_IRQHandler
   Definitions
      At line 479 in file ..\csp\startup_LPC54114_cm4.s
   Uses
      At line 100 in file ..\csp\startup_LPC54114_cm4.s
      At line 480 in file ..\csp\startup_LPC54114_cm4.s

PIN_INT5_DriverIRQHandler 00000108

Symbol: PIN_INT5_DriverIRQHandler
   Definitions
      At line 609 in file ..\csp\startup_LPC54114_cm4.s
   Uses
      At line 488 in file ..\csp\startup_LPC54114_cm4.s



ARM Macro Assembler    Page 11 Alphabetic symbol ordering
Relocatable symbols

      At line 568 in file ..\csp\startup_LPC54114_cm4.s

PIN_INT5_IRQHandler 000000EC

Symbol: PIN_INT5_IRQHandler
   Definitions
      At line 486 in file ..\csp\startup_LPC54114_cm4.s
   Uses
      At line 101 in file ..\csp\startup_LPC54114_cm4.s
      At line 487 in file ..\csp\startup_LPC54114_cm4.s

PIN_INT6_DriverIRQHandler 00000108

Symbol: PIN_INT6_DriverIRQHandler
   Definitions
      At line 610 in file ..\csp\startup_LPC54114_cm4.s
   Uses
      At line 495 in file ..\csp\startup_LPC54114_cm4.s
      At line 569 in file ..\csp\startup_LPC54114_cm4.s

PIN_INT6_IRQHandler 000000F0

Symbol: PIN_INT6_IRQHandler
   Definitions
      At line 493 in file ..\csp\startup_LPC54114_cm4.s
   Uses
      At line 102 in file ..\csp\startup_LPC54114_cm4.s
      At line 494 in file ..\csp\startup_LPC54114_cm4.s

PIN_INT7_DriverIRQHandler 00000108

Symbol: PIN_INT7_DriverIRQHandler
   Definitions
      At line 611 in file ..\csp\startup_LPC54114_cm4.s
   Uses
      At line 502 in file ..\csp\startup_LPC54114_cm4.s
      At line 570 in file ..\csp\startup_LPC54114_cm4.s

PIN_INT7_IRQHandler 000000F4

Symbol: PIN_INT7_IRQHandler
   Definitions
      At line 500 in file ..\csp\startup_LPC54114_cm4.s
   Uses
      At line 103 in file ..\csp\startup_LPC54114_cm4.s
      At line 501 in file ..\csp\startup_LPC54114_cm4.s

PendSV_Handler 00000064

Symbol: PendSV_Handler
   Definitions
      At line 244 in file ..\csp\startup_LPC54114_cm4.s
   Uses
      At line 64 in file ..\csp\startup_LPC54114_cm4.s
      At line 245 in file ..\csp\startup_LPC54114_cm4.s

RTC_DriverIRQHandler 00000108

Symbol: RTC_DriverIRQHandler



ARM Macro Assembler    Page 12 Alphabetic symbol ordering
Relocatable symbols

   Definitions
      At line 605 in file ..\csp\startup_LPC54114_cm4.s
   Uses
      At line 460 in file ..\csp\startup_LPC54114_cm4.s
      At line 564 in file ..\csp\startup_LPC54114_cm4.s

RTC_IRQHandler 000000DC

Symbol: RTC_IRQHandler
   Definitions
      At line 458 in file ..\csp\startup_LPC54114_cm4.s
   Uses
      At line 97 in file ..\csp\startup_LPC54114_cm4.s
      At line 459 in file ..\csp\startup_LPC54114_cm4.s

Reserved54_DriverIRQHandler 00000108

Symbol: Reserved54_DriverIRQHandler
   Definitions
      At line 614 in file ..\csp\startup_LPC54114_cm4.s
   Uses
      At line 523 in file ..\csp\startup_LPC54114_cm4.s
      At line 573 in file ..\csp\startup_LPC54114_cm4.s

Reserved54_IRQHandler 00000100

Symbol: Reserved54_IRQHandler
   Definitions
      At line 521 in file ..\csp\startup_LPC54114_cm4.s
   Uses
      At line 106 in file ..\csp\startup_LPC54114_cm4.s
      At line 522 in file ..\csp\startup_LPC54114_cm4.s

Reset_Handler 00000014

Symbol: Reset_Handler
   Definitions
      At line 136 in file ..\csp\startup_LPC54114_cm4.s
   Uses
      At line 49 in file ..\csp\startup_LPC54114_cm4.s
      At line 137 in file ..\csp\startup_LPC54114_cm4.s

SCT0_DriverIRQHandler 00000108

Symbol: SCT0_DriverIRQHandler
   Definitions
      At line 588 in file ..\csp\startup_LPC54114_cm4.s
   Uses
      At line 341 in file ..\csp\startup_LPC54114_cm4.s
      At line 547 in file ..\csp\startup_LPC54114_cm4.s

SCT0_IRQHandler 00000098

Symbol: SCT0_IRQHandler
   Definitions
      At line 339 in file ..\csp\startup_LPC54114_cm4.s
   Uses
      At line 80 in file ..\csp\startup_LPC54114_cm4.s
      At line 340 in file ..\csp\startup_LPC54114_cm4.s



ARM Macro Assembler    Page 13 Alphabetic symbol ordering
Relocatable symbols


SPIFI0_DriverIRQHandler 00000108

Symbol: SPIFI0_DriverIRQHandler
   Definitions
      At line 615 in file ..\csp\startup_LPC54114_cm4.s
   Uses
      At line 530 in file ..\csp\startup_LPC54114_cm4.s
      At line 574 in file ..\csp\startup_LPC54114_cm4.s

SPIFI0_IRQHandler 00000104

Symbol: SPIFI0_IRQHandler
   Definitions
      At line 528 in file ..\csp\startup_LPC54114_cm4.s
   Uses
      At line 107 in file ..\csp\startup_LPC54114_cm4.s
      At line 529 in file ..\csp\startup_LPC54114_cm4.s

SVC_Handler 00000060

Symbol: SVC_Handler
   Definitions
      At line 234 in file ..\csp\startup_LPC54114_cm4.s
   Uses
      At line 61 in file ..\csp\startup_LPC54114_cm4.s
      At line 235 in file ..\csp\startup_LPC54114_cm4.s

SysTick_Handler 00000066

Symbol: SysTick_Handler
   Definitions
      At line 249 in file ..\csp\startup_LPC54114_cm4.s
   Uses
      At line 65 in file ..\csp\startup_LPC54114_cm4.s
      At line 250 in file ..\csp\startup_LPC54114_cm4.s

USB0_DriverIRQHandler 00000108

Symbol: USB0_DriverIRQHandler
   Definitions
      At line 604 in file ..\csp\startup_LPC54114_cm4.s
   Uses
      At line 453 in file ..\csp\startup_LPC54114_cm4.s
      At line 563 in file ..\csp\startup_LPC54114_cm4.s

USB0_IRQHandler 000000D8

Symbol: USB0_IRQHandler
   Definitions
      At line 451 in file ..\csp\startup_LPC54114_cm4.s
   Uses
      At line 96 in file ..\csp\startup_LPC54114_cm4.s
      At line 452 in file ..\csp\startup_LPC54114_cm4.s

USB0_NEEDCLK_DriverIRQHandler 00000108

Symbol: USB0_NEEDCLK_DriverIRQHandler
   Definitions



ARM Macro Assembler    Page 14 Alphabetic symbol ordering
Relocatable symbols

      At line 603 in file ..\csp\startup_LPC54114_cm4.s
   Uses
      At line 446 in file ..\csp\startup_LPC54114_cm4.s
      At line 562 in file ..\csp\startup_LPC54114_cm4.s

USB0_NEEDCLK_IRQHandler 000000D4

Symbol: USB0_NEEDCLK_IRQHandler
   Definitions
      At line 444 in file ..\csp\startup_LPC54114_cm4.s
   Uses
      At line 95 in file ..\csp\startup_LPC54114_cm4.s
      At line 445 in file ..\csp\startup_LPC54114_cm4.s

UTICK0_DriverIRQHandler 00000108

Symbol: UTICK0_DriverIRQHandler
   Definitions
      At line 584 in file ..\csp\startup_LPC54114_cm4.s
   Uses
      At line 313 in file ..\csp\startup_LPC54114_cm4.s
      At line 543 in file ..\csp\startup_LPC54114_cm4.s

UTICK0_IRQHandler 00000088

Symbol: UTICK0_IRQHandler
   Definitions
      At line 311 in file ..\csp\startup_LPC54114_cm4.s
   Uses
      At line 76 in file ..\csp\startup_LPC54114_cm4.s
      At line 312 in file ..\csp\startup_LPC54114_cm4.s

UsageFault_Handler 0000005E

Symbol: UsageFault_Handler
   Definitions
      At line 229 in file ..\csp\startup_LPC54114_cm4.s
   Uses
      At line 55 in file ..\csp\startup_LPC54114_cm4.s
      At line 230 in file ..\csp\startup_LPC54114_cm4.s

WDT_BOD_DriverIRQHandler 00000108

Symbol: WDT_BOD_DriverIRQHandler
   Definitions
      At line 576 in file ..\csp\startup_LPC54114_cm4.s
   Uses
      At line 257 in file ..\csp\startup_LPC54114_cm4.s
      At line 535 in file ..\csp\startup_LPC54114_cm4.s

WDT_BOD_IRQHandler 00000068

Symbol: WDT_BOD_IRQHandler
   Definitions
      At line 255 in file ..\csp\startup_LPC54114_cm4.s
   Uses
      At line 68 in file ..\csp\startup_LPC54114_cm4.s
      At line 256 in file ..\csp\startup_LPC54114_cm4.s




ARM Macro Assembler    Page 15 Alphabetic symbol ordering
Relocatable symbols

cpu_sleep 00000048

Symbol: cpu_sleep
   Definitions
      At line 192 in file ..\csp\startup_LPC54114_cm4.s
   Uses
      At line 182 in file ..\csp\startup_LPC54114_cm4.s
Comment: cpu_sleep used once
cpu_sleep_wfi 0000004A

Symbol: cpu_sleep_wfi
   Definitions
      At line 194 in file ..\csp\startup_LPC54114_cm4.s
   Uses
      At line 196 in file ..\csp\startup_LPC54114_cm4.s
Comment: cpu_sleep_wfi used once
get_current_core_id 0000001A

Symbol: get_current_core_id
   Definitions
      At line 153 in file ..\csp\startup_LPC54114_cm4.s
   Uses
      None
Comment: get_current_core_id unused
get_master_status 0000002C

Symbol: get_master_status
   Definitions
      At line 166 in file ..\csp\startup_LPC54114_cm4.s
   Uses
      At line 161 in file ..\csp\startup_LPC54114_cm4.s
Comment: get_master_status used once
normal_boot 0000004E

Symbol: normal_boot
   Definitions
      At line 200 in file ..\csp\startup_LPC54114_cm4.s
   Uses
      At line 175 in file ..\csp\startup_LPC54114_cm4.s
Comment: normal_boot used once
rel_vals 00000000

Symbol: rel_vals
   Definitions
      At line 131 in file ..\csp\startup_LPC54114_cm4.s
   Uses
      At line 147 in file ..\csp\startup_LPC54114_cm4.s
Comment: rel_vals used once
select_boot 00000032

Symbol: select_boot
   Definitions
      At line 172 in file ..\csp\startup_LPC54114_cm4.s
   Uses
      None
Comment: select_boot unused
shared_boot_entry 00000014

Symbol: shared_boot_entry



ARM Macro Assembler    Page 16 Alphabetic symbol ordering
Relocatable symbols

   Definitions
      At line 146 in file ..\csp\startup_LPC54114_cm4.s
   Uses
      None
Comment: shared_boot_entry unused
slave_boot 00000038

Symbol: slave_boot
   Definitions
      At line 178 in file ..\csp\startup_LPC54114_cm4.s
   Uses
      At line 174 in file ..\csp\startup_LPC54114_cm4.s
Comment: slave_boot used once
101 symbols



ARM Macro Assembler    Page 1 Alphabetic symbol ordering
Absolute symbols

CRP_Level FFFFFFFF

Symbol: CRP_Level
   Definitions
      At line 117 in file ..\csp\startup_LPC54114_cm4.s
   Uses
      None
Comment: CRP_Level unused
coproc_boot 40000804

Symbol: coproc_boot
   Definitions
      At line 128 in file ..\csp\startup_LPC54114_cm4.s
   Uses
      At line 132 in file ..\csp\startup_LPC54114_cm4.s
Comment: coproc_boot used once
coproc_stack 40000808

Symbol: coproc_stack
   Definitions
      At line 129 in file ..\csp\startup_LPC54114_cm4.s
   Uses
      At line 132 in file ..\csp\startup_LPC54114_cm4.s
Comment: coproc_stack used once
cpu_ctrl 40000800

Symbol: cpu_ctrl
   Definitions
      At line 127 in file ..\csp\startup_LPC54114_cm4.s
   Uses
      At line 132 in file ..\csp\startup_LPC54114_cm4.s
Comment: cpu_ctrl used once
cpu_id E000ED00

Symbol: cpu_id
   Definitions
      At line 126 in file ..\csp\startup_LPC54114_cm4.s
   Uses
      At line 132 in file ..\csp\startup_LPC54114_cm4.s
Comment: cpu_id used once
5 symbols



ARM Macro Assembler    Page 1 Alphabetic symbol ordering
External symbols

Image$$ARM_LIB_STACK$$ZI$$Limit 00000000

Symbol: Image$$ARM_LIB_STACK$$ZI$$Limit
   Definitions
      At line 46 in file ..\csp\startup_LPC54114_cm4.s
   Uses
      At line 48 in file ..\csp\startup_LPC54114_cm4.s
Comment: Image$$ARM_LIB_STACK$$ZI$$Limit used once
SystemInit 00000000

Symbol: SystemInit
   Definitions
      At line 138 in file ..\csp\startup_LPC54114_cm4.s
   Uses
      At line 201 in file ..\csp\startup_LPC54114_cm4.s
Comment: SystemInit used once
__main 00000000

Symbol: __main
   Definitions
      At line 139 in file ..\csp\startup_LPC54114_cm4.s
   Uses
      At line 203 in file ..\csp\startup_LPC54114_cm4.s
Comment: __main used once
3 symbols
457 symbols in table
